// Jest Snapshot v1, https://goo.gl/fbAQLP

exports[`a p√°gina de configuracao deve ser renderizada corretamente 1`] = `
<div>
  <form>
    <input
      placeholder="Insira os nomes dos participantes"
      type="text"
      value=""
    />
    <button
      disabled=""
    >
      Adicionar
    </button>
    
  </form>
  <ul />
  <ul />
  <footer
    class="rodape-configuracoes"
  >
    <button
      class="botao"
      disabled=""
    >
      Iniciar brincadeira
    </button>
    <img
      alt="Sacolas de compras"
      src="/imagens/sacolas.png"
    />
  </footer>
</div>
`;
